PHPUnit 11.5.55 by Sebastian Bergmann and contributors.

Runtime:       PHP 8.2.12
Configuration: C:\xampp\htdocs\fineart\phpunit.xml

....E..  7 / 15 ( 46%)
....... 14 / 15 ( 93%)
.       15 / 15 (100%)

Time: 00:02.191, Memory: 18.00 MB

There was 1 PHPUnit test runner warning:

1) No code coverage driver available

--

There was 1 error:

1) Tests\Feature\UsabilityTest::testAvisoRedirectsIfUnauthenticated
CodeIgniter\Exceptions\PageNotFoundException: Can't find a route for 'GET: aviso'.

C:\xampp\htdocs\fineart\system\CodeIgniter.php:983
C:\xampp\htdocs\fineart\system\CodeIgniter.php:360
C:\xampp\htdocs\fineart\system\Test\FeatureTestTrait.php:228
C:\xampp\htdocs\fineart\system\Test\FeatureTestTrait.php:248
C:\xampp\htdocs\fineart\tests\Feature\UsabilityTest.php:29

ERRORS!
Tests: 15, Assertions: 24, Errors: 1, PHPUnit Warnings: 1.
