PHPUnit 11.5.55 by Sebastian Bergmann and contributors.

Runtime:       PHP 8.2.12
Configuration: C:\xampp\htdocs\fineart\phpunit.xml

.......  7 / 15 ( 46%)
....... 14 / 15 ( 93%)
.       15 / 15 (100%)

Time: 00:02.096, Memory: 18.00 MB

There was 1 PHPUnit test runner warning:

1) No code coverage driver available

OK, but there were issues!
Tests: 15, Assertions: 25, PHPUnit Warnings: 1.